[2026-03-23T23:22:48.447+0000] {taskinstance.py:1956} INFO - Dependencies all met for dep_context=non-requeueable deps ti=<TaskInstance: crawl_crypto_prices.send_telegram_alert scheduled__2026-03-23T22:00:00+00:00 [queued]>
[2026-03-23T23:22:48.456+0000] {taskinstance.py:1956} INFO - Dependencies all met for dep_context=requeueable deps ti=<TaskInstance: crawl_crypto_prices.send_telegram_alert scheduled__2026-03-23T22:00:00+00:00 [queued]>
[2026-03-23T23:22:48.457+0000] {taskinstance.py:2170} INFO - Starting attempt 1 of 1
[2026-03-23T23:22:48.468+0000] {taskinstance.py:2191} INFO - Executing <Task(PythonOperator): send_telegram_alert> on 2026-03-23 22:00:00+00:00
[2026-03-23T23:22:48.471+0000] {standard_task_runner.py:60} INFO - Started process 11613 to run task
[2026-03-23T23:22:48.475+0000] {standard_task_runner.py:87} INFO - Running: ['***', 'tasks', 'run', 'crawl_crypto_prices', 'send_telegram_alert', 'scheduled__2026-03-23T22:00:00+00:00', '--job-id', '140', '--raw', '--subdir', 'DAGS_FOLDER/crawl_crypto_prices.py', '--cfg-path', '/tmp/tmpxizyzrvs']
[2026-03-23T23:22:48.477+0000] {standard_task_runner.py:88} INFO - Job 140: Subtask send_telegram_alert
[2026-03-23T23:22:48.515+0000] {task_command.py:423} INFO - Running <TaskInstance: crawl_crypto_prices.send_telegram_alert scheduled__2026-03-23T22:00:00+00:00 [running]> on host eaa94a1f4a79
[2026-03-23T23:22:48.589+0000] {taskinstance.py:2480} INFO - Exporting env vars: AIRFLOW_CTX_DAG_OWNER='***' AIRFLOW_CTX_DAG_ID='crawl_crypto_prices' AIRFLOW_CTX_TASK_ID='send_telegram_alert' AIRFLOW_CTX_EXECUTION_DATE='2026-03-23T22:00:00+00:00' AIRFLOW_CTX_TRY_NUMBER='1' AIRFLOW_CTX_DAG_RUN_ID='scheduled__2026-03-23T22:00:00+00:00'
[2026-03-23T23:23:10.922+0000] {taskinstance.py:2698} ERROR - Task failed with exception
Traceback (most recent call last):
  File "/home/airflow/.local/lib/python3.8/site-packages/urllib3/connectionpool.py", line 715, in urlopen
    httplib_response = self._make_request(
  File "/home/airflow/.local/lib/python3.8/site-packages/urllib3/connectionpool.py", line 404, in _make_request
    self._validate_conn(conn)
  File "/home/airflow/.local/lib/python3.8/site-packages/urllib3/connectionpool.py", line 1058, in _validate_conn
    conn.connect()
  File "/home/airflow/.local/lib/python3.8/site-packages/urllib3/connection.py", line 419, in connect
    self.sock = ssl_wrap_socket(
  File "/home/airflow/.local/lib/python3.8/site-packages/urllib3/util/ssl_.py", line 449, in ssl_wrap_socket
    ssl_sock = _ssl_wrap_socket_impl(
  File "/home/airflow/.local/lib/python3.8/site-packages/urllib3/util/ssl_.py", line 493, in _ssl_wrap_socket_impl
    return ssl_context.wrap_socket(sock, server_hostname=server_hostname)
  File "/usr/local/lib/python3.8/ssl.py", line 500, in wrap_socket
    return self.sslsocket_class._create(
  File "/usr/local/lib/python3.8/ssl.py", line 1073, in _create
    self.do_handshake()
  File "/usr/local/lib/python3.8/ssl.py", line 1342, in do_handshake
    self._sslobj.do_handshake()
ssl.SSLZeroReturnError: TLS/SSL connection has been closed (EOF) (_ssl.c:1131)

During handling of the above exception, another exception occurred:

Traceback (most recent call last):
  File "/home/airflow/.local/lib/python3.8/site-packages/requests/adapters.py", line 486, in send
    resp = conn.urlopen(
  File "/home/airflow/.local/lib/python3.8/site-packages/urllib3/connectionpool.py", line 799, in urlopen
    retries = retries.increment(
  File "/home/airflow/.local/lib/python3.8/site-packages/urllib3/util/retry.py", line 592, in increment
    raise MaxRetryError(_pool, url, error or ResponseError(cause))
urllib3.exceptions.MaxRetryError: HTTPSConnectionPool(host='api.telegram.org', port=443): Max retries exceeded with url: /bot***/sendMessage (Caused by SSLError(SSLZeroReturnError(6, 'TLS/SSL connection has been closed (EOF) (_ssl.c:1131)')))

During handling of the above exception, another exception occurred:

Traceback (most recent call last):
  File "/home/airflow/.local/lib/python3.8/site-packages/airflow/models/taskinstance.py", line 433, in _execute_task
    result = execute_callable(context=context, **execute_callable_kwargs)
  File "/home/airflow/.local/lib/python3.8/site-packages/airflow/operators/python.py", line 199, in execute
    return_value = self.execute_callable()
  File "/home/airflow/.local/lib/python3.8/site-packages/airflow/operators/python.py", line 216, in execute_callable
    return self.python_callable(*self.op_args, **self.op_kwargs)
  File "/opt/airflow/dags/crawl_crypto_prices.py", line 55, in send_telegram_message
    response = requests.post(url, data=payload)
  File "/home/airflow/.local/lib/python3.8/site-packages/requests/api.py", line 115, in post
    return request("post", url, data=data, json=json, **kwargs)
  File "/home/airflow/.local/lib/python3.8/site-packages/requests/api.py", line 59, in request
    return session.request(method=method, url=url, **kwargs)
  File "/home/airflow/.local/lib/python3.8/site-packages/requests/sessions.py", line 589, in request
    resp = self.send(prep, **send_kwargs)
  File "/home/airflow/.local/lib/python3.8/site-packages/requests/sessions.py", line 703, in send
    r = adapter.send(request, **kwargs)
  File "/home/airflow/.local/lib/python3.8/site-packages/requests/adapters.py", line 517, in send
    raise SSLError(e, request=request)
requests.exceptions.SSLError: HTTPSConnectionPool(host='api.telegram.org', port=443): Max retries exceeded with url: /bot***/sendMessage (Caused by SSLError(SSLZeroReturnError(6, 'TLS/SSL connection has been closed (EOF) (_ssl.c:1131)')))
[2026-03-23T23:23:10.940+0000] {taskinstance.py:1138} INFO - Marking task as FAILED. dag_id=crawl_crypto_prices, task_id=send_telegram_alert, execution_date=20260323T220000, start_date=20260323T232248, end_date=20260323T232310
[2026-03-23T23:23:10.949+0000] {standard_task_runner.py:107} ERROR - Failed to execute job 140 for task send_telegram_alert (HTTPSConnectionPool(host='api.telegram.org', port=443): Max retries exceeded with url: /bot***/sendMessage (Caused by SSLError(SSLZeroReturnError(6, 'TLS/SSL connection has been closed (EOF) (_ssl.c:1131)'))); 11613)
[2026-03-23T23:23:10.954+0000] {local_task_job_runner.py:234} INFO - Task exited with return code 1
[2026-03-23T23:23:10.964+0000] {taskinstance.py:3280} INFO - 0 downstream tasks scheduled from follow-on schedule check
