[2026-03-24T07:13:45.138+0000] {taskinstance.py:1956} INFO - Dependencies all met for dep_context=non-requeueable deps ti=<TaskInstance: crawl_crypto_prices.send_telegram_alert manual__2026-03-24T07:13:44.023369+00:00 [queued]>
[2026-03-24T07:13:45.140+0000] {taskinstance.py:1956} INFO - Dependencies all met for dep_context=requeueable deps ti=<TaskInstance: crawl_crypto_prices.send_telegram_alert manual__2026-03-24T07:13:44.023369+00:00 [queued]>
[2026-03-24T07:13:45.140+0000] {taskinstance.py:2170} INFO - Starting attempt 1 of 1
[2026-03-24T07:13:45.144+0000] {taskinstance.py:2191} INFO - Executing <Task(PythonOperator): send_telegram_alert> on 2026-03-24 07:13:44.023369+00:00
[2026-03-24T07:13:45.146+0000] {standard_task_runner.py:60} INFO - Started process 13717 to run task
[2026-03-24T07:13:45.147+0000] {standard_task_runner.py:87} INFO - Running: ['***', 'tasks', 'run', 'crawl_crypto_prices', 'send_telegram_alert', 'manual__2026-03-24T07:13:44.023369+00:00', '--job-id', '161', '--raw', '--subdir', 'DAGS_FOLDER/crawl_crypto_prices.py', '--cfg-path', '/tmp/tmpxo5lyix3']
[2026-03-24T07:13:45.148+0000] {standard_task_runner.py:88} INFO - Job 161: Subtask send_telegram_alert
[2026-03-24T07:13:45.165+0000] {task_command.py:423} INFO - Running <TaskInstance: crawl_crypto_prices.send_telegram_alert manual__2026-03-24T07:13:44.023369+00:00 [running]> on host eaa94a1f4a79
[2026-03-24T07:13:45.191+0000] {taskinstance.py:2480} INFO - Exporting env vars: AIRFLOW_CTX_DAG_OWNER='***' AIRFLOW_CTX_DAG_ID='crawl_crypto_prices' AIRFLOW_CTX_TASK_ID='send_telegram_alert' AIRFLOW_CTX_EXECUTION_DATE='2026-03-24T07:13:44.023369+00:00' AIRFLOW_CTX_TRY_NUMBER='1' AIRFLOW_CTX_DAG_RUN_ID='manual__2026-03-24T07:13:44.023369+00:00'
[2026-03-24T07:13:45.198+0000] {logging_mixin.py:188} INFO - Token: ***...
[2026-03-24T07:13:45.198+0000] {logging_mixin.py:188} INFO - Chat ID: 1782329361
[2026-03-24T07:13:46.042+0000] {logging_mixin.py:188} INFO - Response Status: 404
[2026-03-24T07:13:46.043+0000] {logging_mixin.py:188} INFO - Response: {"ok":false,"error_code":404,"description":"Not Found"}
[2026-03-24T07:13:46.044+0000] {logging_mixin.py:188} INFO - ERROR: 404 Client Error: Not Found for url: https://api.telegram.org/bot***/sendMessage
[2026-03-24T07:13:46.044+0000] {taskinstance.py:2698} ERROR - Task failed with exception
Traceback (most recent call last):
  File "/home/airflow/.local/lib/python3.8/site-packages/airflow/models/taskinstance.py", line 433, in _execute_task
    result = execute_callable(context=context, **execute_callable_kwargs)
  File "/home/airflow/.local/lib/python3.8/site-packages/airflow/operators/python.py", line 199, in execute
    return_value = self.execute_callable()
  File "/home/airflow/.local/lib/python3.8/site-packages/airflow/operators/python.py", line 216, in execute_callable
    return self.python_callable(*self.op_args, **self.op_kwargs)
  File "/opt/airflow/dags/crawl_crypto_prices.py", line 69, in send_telegram_message
    response.raise_for_status()
  File "/home/airflow/.local/lib/python3.8/site-packages/requests/models.py", line 1021, in raise_for_status
    raise HTTPError(http_error_msg, response=self)
requests.exceptions.HTTPError: 404 Client Error: Not Found for url: https://api.telegram.org/bot***/sendMessage
[2026-03-24T07:13:46.059+0000] {taskinstance.py:1138} INFO - Marking task as FAILED. dag_id=crawl_crypto_prices, task_id=send_telegram_alert, execution_date=20260324T071344, start_date=20260324T071345, end_date=20260324T071346
[2026-03-24T07:13:46.069+0000] {standard_task_runner.py:107} ERROR - Failed to execute job 161 for task send_telegram_alert (404 Client Error: Not Found for url: https://api.telegram.org/bot***/sendMessage; 13717)
[2026-03-24T07:13:46.092+0000] {local_task_job_runner.py:234} INFO - Task exited with return code 1
[2026-03-24T07:13:46.105+0000] {taskinstance.py:3280} INFO - 0 downstream tasks scheduled from follow-on schedule check
