[2026-03-19T19:36:56.589+0000] {taskinstance.py:1956} INFO - Dependencies all met for dep_context=non-requeueable deps ti=<TaskInstance: crawl_crypto_prices.fetch_and_store_prices scheduled__2026-03-19T18:00:00+00:00 [queued]>
[2026-03-19T19:36:56.597+0000] {taskinstance.py:1956} INFO - Dependencies all met for dep_context=requeueable deps ti=<TaskInstance: crawl_crypto_prices.fetch_and_store_prices scheduled__2026-03-19T18:00:00+00:00 [queued]>
[2026-03-19T19:36:56.597+0000] {taskinstance.py:2170} INFO - Starting attempt 1 of 1
[2026-03-19T19:36:56.607+0000] {taskinstance.py:2191} INFO - Executing <Task(PythonOperator): fetch_and_store_prices> on 2026-03-19 18:00:00+00:00
[2026-03-19T19:36:56.611+0000] {standard_task_runner.py:60} INFO - Started process 2178 to run task
[2026-03-19T19:36:56.613+0000] {standard_task_runner.py:87} INFO - Running: ['***', 'tasks', 'run', 'crawl_crypto_prices', 'fetch_and_store_prices', 'scheduled__2026-03-19T18:00:00+00:00', '--job-id', '18', '--raw', '--subdir', 'DAGS_FOLDER/crawl_crypto_prices.py', '--cfg-path', '/tmp/tmpf8hdysqc']
[2026-03-19T19:36:56.615+0000] {standard_task_runner.py:88} INFO - Job 18: Subtask fetch_and_store_prices
[2026-03-19T19:36:56.651+0000] {task_command.py:423} INFO - Running <TaskInstance: crawl_crypto_prices.fetch_and_store_prices scheduled__2026-03-19T18:00:00+00:00 [running]> on host eaa94a1f4a79
[2026-03-19T19:36:56.791+0000] {taskinstance.py:2480} INFO - Exporting env vars: AIRFLOW_CTX_DAG_OWNER='***' AIRFLOW_CTX_DAG_ID='crawl_crypto_prices' AIRFLOW_CTX_TASK_ID='fetch_and_store_prices' AIRFLOW_CTX_EXECUTION_DATE='2026-03-19T18:00:00+00:00' AIRFLOW_CTX_TRY_NUMBER='1' AIRFLOW_CTX_DAG_RUN_ID='scheduled__2026-03-19T18:00:00+00:00'
[2026-03-19T20:23:38.141+0000] {taskinstance.py:2698} ERROR - Task failed with exception
Traceback (most recent call last):
  File "/home/airflow/.local/lib/python3.8/site-packages/urllib3/connectionpool.py", line 467, in _make_request
    six.raise_from(e, None)
  File "<string>", line 3, in raise_from
  File "/home/airflow/.local/lib/python3.8/site-packages/urllib3/connectionpool.py", line 462, in _make_request
    httplib_response = conn.getresponse()
  File "/usr/local/lib/python3.8/http/client.py", line 1348, in getresponse
    response.begin()
  File "/usr/local/lib/python3.8/http/client.py", line 316, in begin
    version, status, reason = self._read_status()
  File "/usr/local/lib/python3.8/http/client.py", line 277, in _read_status
    line = str(self.fp.readline(_MAXLINE + 1), "iso-8859-1")
  File "/usr/local/lib/python3.8/socket.py", line 669, in readinto
    return self._sock.recv_into(b)
  File "/usr/local/lib/python3.8/ssl.py", line 1274, in recv_into
    return self.read(nbytes, buffer)
  File "/usr/local/lib/python3.8/ssl.py", line 1132, in read
    return self._sslobj.read(len, buffer)
socket.timeout: The read operation timed out

During handling of the above exception, another exception occurred:

Traceback (most recent call last):
  File "/home/airflow/.local/lib/python3.8/site-packages/requests/adapters.py", line 486, in send
    resp = conn.urlopen(
  File "/home/airflow/.local/lib/python3.8/site-packages/urllib3/connectionpool.py", line 799, in urlopen
    retries = retries.increment(
  File "/home/airflow/.local/lib/python3.8/site-packages/urllib3/util/retry.py", line 550, in increment
    raise six.reraise(type(error), error, _stacktrace)
  File "/home/airflow/.local/lib/python3.8/site-packages/urllib3/packages/six.py", line 770, in reraise
    raise value
  File "/home/airflow/.local/lib/python3.8/site-packages/urllib3/connectionpool.py", line 715, in urlopen
    httplib_response = self._make_request(
  File "/home/airflow/.local/lib/python3.8/site-packages/urllib3/connectionpool.py", line 469, in _make_request
    self._raise_timeout(err=e, url=url, timeout_value=read_timeout)
  File "/home/airflow/.local/lib/python3.8/site-packages/urllib3/connectionpool.py", line 358, in _raise_timeout
    raise ReadTimeoutError(
urllib3.exceptions.ReadTimeoutError: HTTPSConnectionPool(host='api.coingecko.com', port=443): Read timed out. (read timeout=30)

During handling of the above exception, another exception occurred:

Traceback (most recent call last):
  File "/home/airflow/.local/lib/python3.8/site-packages/airflow/models/taskinstance.py", line 433, in _execute_task
    result = execute_callable(context=context, **execute_callable_kwargs)
  File "/home/airflow/.local/lib/python3.8/site-packages/airflow/operators/python.py", line 199, in execute
    return_value = self.execute_callable()
  File "/home/airflow/.local/lib/python3.8/site-packages/airflow/operators/python.py", line 216, in execute_callable
    return self.python_callable(*self.op_args, **self.op_kwargs)
  File "/opt/airflow/dags/crawl_crypto_prices.py", line 22, in fetch_and_store_crypto_prices
    response = requests.get(url, params=params, timeout=30)
  File "/home/airflow/.local/lib/python3.8/site-packages/requests/api.py", line 73, in get
    return request("get", url, params=params, **kwargs)
  File "/home/airflow/.local/lib/python3.8/site-packages/requests/api.py", line 59, in request
    return session.request(method=method, url=url, **kwargs)
  File "/home/airflow/.local/lib/python3.8/site-packages/requests/sessions.py", line 589, in request
    resp = self.send(prep, **send_kwargs)
  File "/home/airflow/.local/lib/python3.8/site-packages/requests/sessions.py", line 703, in send
    r = adapter.send(request, **kwargs)
  File "/home/airflow/.local/lib/python3.8/site-packages/requests/adapters.py", line 532, in send
    raise ReadTimeout(e, request=request)
requests.exceptions.ReadTimeout: HTTPSConnectionPool(host='api.coingecko.com', port=443): Read timed out. (read timeout=30)
[2026-03-19T20:23:38.154+0000] {taskinstance.py:1138} INFO - Marking task as FAILED. dag_id=crawl_crypto_prices, task_id=fetch_and_store_prices, execution_date=20260319T180000, start_date=20260319T193656, end_date=20260319T202338
[2026-03-19T20:23:38.163+0000] {standard_task_runner.py:107} ERROR - Failed to execute job 18 for task fetch_and_store_prices (HTTPSConnectionPool(host='api.coingecko.com', port=443): Read timed out. (read timeout=30); 2178)
[2026-03-19T20:23:38.181+0000] {local_task_job_runner.py:234} INFO - Task exited with return code 1
[2026-03-19T20:23:38.194+0000] {taskinstance.py:3280} INFO - 0 downstream tasks scheduled from follow-on schedule check
