[2026-03-19T03:51:05.961+0000] {taskinstance.py:1956} INFO - Dependencies all met for dep_context=non-requeueable deps ti=<TaskInstance: crawl_crypto_prices.fetch_and_store_prices scheduled__2026-03-19T02:00:00+00:00 [queued]>
[2026-03-19T03:51:05.964+0000] {taskinstance.py:1956} INFO - Dependencies all met for dep_context=requeueable deps ti=<TaskInstance: crawl_crypto_prices.fetch_and_store_prices scheduled__2026-03-19T02:00:00+00:00 [queued]>
[2026-03-19T03:51:05.964+0000] {taskinstance.py:2170} INFO - Starting attempt 1 of 1
[2026-03-19T03:51:05.968+0000] {taskinstance.py:2191} INFO - Executing <Task(PythonOperator): fetch_and_store_prices> on 2026-03-19 02:00:00+00:00
[2026-03-19T03:51:05.970+0000] {standard_task_runner.py:60} INFO - Started process 175 to run task
[2026-03-19T03:51:05.971+0000] {standard_task_runner.py:87} INFO - Running: ['***', 'tasks', 'run', 'crawl_crypto_prices', 'fetch_and_store_prices', 'scheduled__2026-03-19T02:00:00+00:00', '--job-id', '33', '--raw', '--subdir', 'DAGS_FOLDER/crawl_crypto_prices.py', '--cfg-path', '/tmp/tmp2l_rls3v']
[2026-03-19T03:51:05.972+0000] {standard_task_runner.py:88} INFO - Job 33: Subtask fetch_and_store_prices
[2026-03-19T03:51:05.991+0000] {task_command.py:423} INFO - Running <TaskInstance: crawl_crypto_prices.fetch_and_store_prices scheduled__2026-03-19T02:00:00+00:00 [running]> on host 386593a0ad14
[2026-03-19T03:51:06.023+0000] {taskinstance.py:2480} INFO - Exporting env vars: AIRFLOW_CTX_DAG_OWNER='***' AIRFLOW_CTX_DAG_ID='crawl_crypto_prices' AIRFLOW_CTX_TASK_ID='fetch_and_store_prices' AIRFLOW_CTX_EXECUTION_DATE='2026-03-19T02:00:00+00:00' AIRFLOW_CTX_TRY_NUMBER='1' AIRFLOW_CTX_DAG_RUN_ID='scheduled__2026-03-19T02:00:00+00:00'
[2026-03-19T03:51:06.486+0000] {taskinstance.py:2698} ERROR - Task failed with exception
Traceback (most recent call last):
  File "/home/airflow/.local/lib/python3.8/site-packages/airflow/models/taskinstance.py", line 433, in _execute_task
    result = execute_callable(context=context, **execute_callable_kwargs)
  File "/home/airflow/.local/lib/python3.8/site-packages/airflow/operators/python.py", line 199, in execute
    return_value = self.execute_callable()
  File "/home/airflow/.local/lib/python3.8/site-packages/airflow/operators/python.py", line 216, in execute_callable
    return self.python_callable(*self.op_args, **self.op_kwargs)
  File "/opt/airflow/dags/crawl_crypto_prices.py", line 36, in fetch_and_store_crypto_prices
    insert_prices(rows)
  File "/opt/airflow/scripts/db.py", line 26, in insert_prices
    cur.execute(
psycopg2.errors.UndefinedTable: relation "crypto_prices" does not exist
LINE 2:     INSERT INTO crypto_prices (coin_id, price_usd, source_la...
                        ^

[2026-03-19T03:51:06.492+0000] {taskinstance.py:1138} INFO - Marking task as FAILED. dag_id=crawl_crypto_prices, task_id=fetch_and_store_prices, execution_date=20260319T020000, start_date=20260319T035105, end_date=20260319T035106
[2026-03-19T03:51:06.496+0000] {standard_task_runner.py:107} ERROR - Failed to execute job 33 for task fetch_and_store_prices (relation "crypto_prices" does not exist
LINE 2:     INSERT INTO crypto_prices (coin_id, price_usd, source_la...
                        ^
; 175)
[2026-03-19T03:51:06.536+0000] {local_task_job_runner.py:234} INFO - Task exited with return code 1
[2026-03-19T03:51:06.543+0000] {taskinstance.py:3280} INFO - 0 downstream tasks scheduled from follow-on schedule check
