[2026-03-21T02:02:28.866+0000] {taskinstance.py:1956} INFO - Dependencies all met for dep_context=non-requeueable deps ti=<TaskInstance: crawl_crypto_prices.fetch_and_store_prices scheduled__2026-03-21T01:00:00+00:00 [queued]>
[2026-03-21T02:02:28.869+0000] {taskinstance.py:1956} INFO - Dependencies all met for dep_context=requeueable deps ti=<TaskInstance: crawl_crypto_prices.fetch_and_store_prices scheduled__2026-03-21T01:00:00+00:00 [queued]>
[2026-03-21T02:02:28.869+0000] {taskinstance.py:2170} INFO - Starting attempt 1 of 1
[2026-03-21T02:02:28.873+0000] {taskinstance.py:2191} INFO - Executing <Task(PythonOperator): fetch_and_store_prices> on 2026-03-21 01:00:00+00:00
[2026-03-21T02:02:28.875+0000] {standard_task_runner.py:60} INFO - Started process 5456 to run task
[2026-03-21T02:02:28.877+0000] {standard_task_runner.py:87} INFO - Running: ['***', 'tasks', 'run', 'crawl_crypto_prices', 'fetch_and_store_prices', 'scheduled__2026-03-21T01:00:00+00:00', '--job-id', '49', '--raw', '--subdir', 'DAGS_FOLDER/crawl_crypto_prices.py', '--cfg-path', '/tmp/tmpz5ga0m8h']
[2026-03-21T02:02:28.878+0000] {standard_task_runner.py:88} INFO - Job 49: Subtask fetch_and_store_prices
[2026-03-21T02:02:28.897+0000] {task_command.py:423} INFO - Running <TaskInstance: crawl_crypto_prices.fetch_and_store_prices scheduled__2026-03-21T01:00:00+00:00 [running]> on host eaa94a1f4a79
[2026-03-21T02:02:28.926+0000] {taskinstance.py:2480} INFO - Exporting env vars: AIRFLOW_CTX_DAG_OWNER='***' AIRFLOW_CTX_DAG_ID='crawl_crypto_prices' AIRFLOW_CTX_TASK_ID='fetch_and_store_prices' AIRFLOW_CTX_EXECUTION_DATE='2026-03-21T01:00:00+00:00' AIRFLOW_CTX_TRY_NUMBER='1' AIRFLOW_CTX_DAG_RUN_ID='scheduled__2026-03-21T01:00:00+00:00'
[2026-03-21T02:02:28.931+0000] {taskinstance.py:2698} ERROR - Task failed with exception
Traceback (most recent call last):
  File "/home/airflow/.local/lib/python3.8/site-packages/urllib3/connection.py", line 174, in _new_conn
    conn = connection.create_connection(
  File "/home/airflow/.local/lib/python3.8/site-packages/urllib3/util/connection.py", line 72, in create_connection
    for res in socket.getaddrinfo(host, port, family, socket.SOCK_STREAM):
  File "/usr/local/lib/python3.8/socket.py", line 918, in getaddrinfo
    for res in _socket.getaddrinfo(host, port, family, type, proto, flags):
socket.gaierror: [Errno -2] Name or service not known

During handling of the above exception, another exception occurred:

Traceback (most recent call last):
  File "/home/airflow/.local/lib/python3.8/site-packages/urllib3/connectionpool.py", line 715, in urlopen
    httplib_response = self._make_request(
  File "/home/airflow/.local/lib/python3.8/site-packages/urllib3/connectionpool.py", line 404, in _make_request
    self._validate_conn(conn)
  File "/home/airflow/.local/lib/python3.8/site-packages/urllib3/connectionpool.py", line 1058, in _validate_conn
    conn.connect()
  File "/home/airflow/.local/lib/python3.8/site-packages/urllib3/connection.py", line 363, in connect
    self.sock = conn = self._new_conn()
  File "/home/airflow/.local/lib/python3.8/site-packages/urllib3/connection.py", line 186, in _new_conn
    raise NewConnectionError(
urllib3.exceptions.NewConnectionError: <urllib3.connection.HTTPSConnection object at 0xffff9728b2e0>: Failed to establish a new connection: [Errno -2] Name or service not known

During handling of the above exception, another exception occurred:

Traceback (most recent call last):
  File "/home/airflow/.local/lib/python3.8/site-packages/requests/adapters.py", line 486, in send
    resp = conn.urlopen(
  File "/home/airflow/.local/lib/python3.8/site-packages/urllib3/connectionpool.py", line 799, in urlopen
    retries = retries.increment(
  File "/home/airflow/.local/lib/python3.8/site-packages/urllib3/util/retry.py", line 592, in increment
    raise MaxRetryError(_pool, url, error or ResponseError(cause))
urllib3.exceptions.MaxRetryError: HTTPSConnectionPool(host='api.coingecko.com', port=443): Max retries exceeded with url: /api/v3/simple/price?ids=bitcoin%2Cethereum&vs_currencies=usd&include_last_updated_at=true (Caused by NewConnectionError('<urllib3.connection.HTTPSConnection object at 0xffff9728b2e0>: Failed to establish a new connection: [Errno -2] Name or service not known'))

During handling of the above exception, another exception occurred:

Traceback (most recent call last):
  File "/home/airflow/.local/lib/python3.8/site-packages/airflow/models/taskinstance.py", line 433, in _execute_task
    result = execute_callable(context=context, **execute_callable_kwargs)
  File "/home/airflow/.local/lib/python3.8/site-packages/airflow/operators/python.py", line 199, in execute
    return_value = self.execute_callable()
  File "/home/airflow/.local/lib/python3.8/site-packages/airflow/operators/python.py", line 216, in execute_callable
    return self.python_callable(*self.op_args, **self.op_kwargs)
  File "/opt/airflow/dags/crawl_crypto_prices.py", line 22, in fetch_and_store_crypto_prices
    response = requests.get(url, params=params, timeout=30)
  File "/home/airflow/.local/lib/python3.8/site-packages/requests/api.py", line 73, in get
    return request("get", url, params=params, **kwargs)
  File "/home/airflow/.local/lib/python3.8/site-packages/requests/api.py", line 59, in request
    return session.request(method=method, url=url, **kwargs)
  File "/home/airflow/.local/lib/python3.8/site-packages/requests/sessions.py", line 589, in request
    resp = self.send(prep, **send_kwargs)
  File "/home/airflow/.local/lib/python3.8/site-packages/requests/sessions.py", line 703, in send
    r = adapter.send(request, **kwargs)
  File "/home/airflow/.local/lib/python3.8/site-packages/requests/adapters.py", line 519, in send
    raise ConnectionError(e, request=request)
requests.exceptions.ConnectionError: HTTPSConnectionPool(host='api.coingecko.com', port=443): Max retries exceeded with url: /api/v3/simple/price?ids=bitcoin%2Cethereum&vs_currencies=usd&include_last_updated_at=true (Caused by NewConnectionError('<urllib3.connection.HTTPSConnection object at 0xffff9728b2e0>: Failed to establish a new connection: [Errno -2] Name or service not known'))
[2026-03-21T02:02:28.936+0000] {taskinstance.py:1138} INFO - Marking task as FAILED. dag_id=crawl_crypto_prices, task_id=fetch_and_store_prices, execution_date=20260321T010000, start_date=20260321T020228, end_date=20260321T020228
[2026-03-21T02:02:28.939+0000] {standard_task_runner.py:107} ERROR - Failed to execute job 49 for task fetch_and_store_prices (HTTPSConnectionPool(host='api.coingecko.com', port=443): Max retries exceeded with url: /api/v3/simple/price?ids=bitcoin%2Cethereum&vs_currencies=usd&include_last_updated_at=true (Caused by NewConnectionError('<urllib3.connection.HTTPSConnection object at 0xffff9728b2e0>: Failed to establish a new connection: [Errno -2] Name or service not known')); 5456)
[2026-03-21T02:02:28.980+0000] {local_task_job_runner.py:234} INFO - Task exited with return code 1
[2026-03-21T02:02:28.987+0000] {taskinstance.py:3280} INFO - 0 downstream tasks scheduled from follow-on schedule check
